warning: Supported source version 'RELEASE_8' from annotation processor 'net.sf.jasperreports.annotations.processors.properties.PropertyProcessor' less than -source '15'
Note: src/rekammedis/RMPenilaianAwalKeperawatanRanapDewasa.java uses or overrides a deprecated API.
Note: Recompile with -Xlint:deprecation for details.
Note: src/rekammedis/RMPenilaianAwalKeperawatanRanapDewasa.java uses unchecked or unsafe operations.
Note: Recompile with -Xlint:unchecked for details.
1 warning
